============================= test session starts =============================
platform win32 -- Python 3.13.5, pytest-8.4.1, pluggy-1.6.0
rootdir: C:\Users\Ana\Meu Drive\Imagens site Junin\gemini v2
collected 4 items / 1 error

=================================== ERRORS ====================================
_______ ERROR collecting roteiro-de-dispersacao-v4/tests/test_basic.py ________
ImportError while importing test module 'C:\Users\Ana\Meu Drive\Imagens site Junin\gemini v2\roteiro-de-dispersacao-v4\tests\test_basic.py'.
Hint: make sure your test modules/packages have valid Python names.
Traceback:
C:\Python313\Lib\importlib\__init__.py:88: in import_module
    return _bootstrap._gcd_import(name[level:], package, level)
           ^^^^^^^^^^^^^^^^^^^^^^^^^^^^^^^^^^^^^^^^^^^^^^^^^^^^
roteiro-de-dispersacao-v4\tests\test_basic.py:12: in <module>
    from config.settings import settings
roteiro-de-dispersacao-v4\config\settings.py:4: in <module>
    from pydantic_settings import BaseSettings
E   ModuleNotFoundError: No module named 'pydantic_settings'
============================== warnings summary ===============================
..\..\..\..\..\Python313\Lib\site-packages\PyPDF2\__init__.py:21
  C:\Python313\Lib\site-packages\PyPDF2\__init__.py:21: DeprecationWarning: PyPDF2 is deprecated. Please move to the pypdf library instead.
    warnings.warn(

-- Docs: https://docs.pytest.org/en/stable/how-to/capture-warnings.html
=========================== short test summary info ===========================
ERROR roteiro-de-dispersacao-v4/tests/test_basic.py
!!!!!!!!!!!!!!!!!!! Interrupted: 1 error during collection !!!!!!!!!!!!!!!!!!!!
========================= 1 warning, 1 error in 0.35s =========================
